[backblue.gif]
[fade.gif]
[index.html]
[facegen.com/dl/sdk/docs.html]
[facegen.com/MathJax-2.7.0/MathJaxdda6.js]
[facegen.com/dl/sdk/doc/manual/index.html]
[facegen.com/dl/sdk/doc/apiref/jquery.js]
[facegen.com/dl/sdk/doc/apiref/dynsections.js]
[facegen.com/dl/sdk/doc/apiref/search/searchdata.js]
[facegen.com/dl/sdk/doc/apiref/search/search.js]
[facegen.com/dl/sdk/doc/apiref/menudata.js]
[facegen.com/dl/sdk/doc/apiref/menu.js]
[facegen.com/dl/sdk/doc/apiref/doxygen.png]
[facegen.com/dl/sdk/doc/apiref/index.html]
[facegen.com/dl/sdk/doc/manual/quick.html]
[facegen.com/dl/sdk/doc/manual/compile.html]
[facegen.com/dl/sdk/doc/manual/images/diag_6.jpg]
[facegen.com/dl/sdk/doc/manual/images/diag_1.jpg]
[facegen.com/dl/sdk/doc/manual/images/diag_2.jpg]
[facegen.com/dl/sdk/doc/manual/images/diag_3.jpg]
[facegen.com/dl/sdk/doc/manual/images/diag_4.jpg]
[facegen.com/dl/sdk/doc/manual/overview.html]
[facegen.com/dl/sdk/doc/manual/requirements.html]
[facegen.com/dl/sdk/doc/manual/meshintegration.html]
[facegen.com/dl/sdk/doc/manual/integration.html]
[facegen.com/dl/sdk/doc/manual/deploy.html]
[facegen.com/dl/sdk/doc/manual/commands.html]
[facegen.com/dl/sdk/doc/manual/faq.html]
[facegen.com/dl/sdk/doc/manual/sourcecode.html]
[facegen.com/dl/sdk/doc/manual/indepth.html]
[facegen.com/dl/sdk/doc/manual/fileformats.html]
[facegen.com/dl/sdk/doc/apiref/tab_b.png]
[facegen.com/dl/sdk/doc/apiref/tab_a.png]
[facegen.com/dl/sdk/doc/apiref/tab_s.png]
[facegen.com/dl/sdk/doc/apiref/tabs.css]
[facegen.com/dl/sdk/doc/apiref/search/search_l.png]
[facegen.com/dl/sdk/doc/apiref/search/search_m.png]
[facegen.com/dl/sdk/doc/apiref/search/search_r.png]
[facegen.com/dl/sdk/doc/apiref/search/search.css]
[facegen.com/dl/sdk/doc/apiref/nav_f.png]
[facegen.com/dl/sdk/doc/apiref/nav_g.png]
[facegen.com/dl/sdk/doc/apiref/folderopen.png]
[facegen.com/dl/sdk/doc/apiref/folderclosed.png]
[facegen.com/dl/sdk/doc/apiref/doc.png]
[facegen.com/dl/sdk/doc/apiref/bc_s.png]
[facegen.com/dl/sdk/doc/apiref/nav_h.png]
[facegen.com/dl/sdk/doc/apiref/bdwn.png]
[facegen.com/dl/sdk/doc/apiref/doxygen.css]
[facegen.com/dl/sdk/doc/apiref/search.html]
